========================================================================
DataFusion Pipeline Orchestrator
========================================================================
Root: /home/jovyan/people/Glebov/datafusion/datafusion_opp_and_my_pipe
Python: /home/jovyan/.mlspace/envs/datafusion-gpu/bin/python
Mode: execute

==> Feature engineering [fe]
    Skipped: outputs already exist
==> Neural network [nn]
    Skipped: outputs already exist
==> LightGBM [lgbm]
    Skipped: outputs already exist
==> PyBoost [pyboost]
    Skipped: outputs already exist

==> CatBoost [catboost]
    Command: /home/jovyan/.mlspace/envs/datafusion-gpu/bin/python 05_train_catboost.py
============================================================
Step 5: Train CatBoost (5-fold x 41 targets)
============================================================
  CatBoost task_type: GPU

[1/4] Loading features...
  X_train: (750000, 2260), X_test: (250000, 2260)
  Features: 61 cat, 2199 num

[2/4] Training 5-Fold x 41 targets...

  -- Fold 1/5 (train=600,154, val=149,846) --
    10/41 targets done
    20/41 targets done
    30/41 targets done
    40/41 targets done
    41/41 targets done
  Fold 1 AUC=0.7814 (29.7 min)

  -- Fold 2/5 (train=599,922, val=150,078) --
    10/41 targets done
    20/41 targets done
    30/41 targets done
    40/41 targets done
    41/41 targets done
  Fold 2 AUC=0.7812 (29.2 min)

  -- Fold 3/5 (train=600,072, val=149,928) --
    10/41 targets done
    20/41 targets done
    30/41 targets done
    40/41 targets done
    41/41 targets done
  Fold 3 AUC=0.7825 (29.6 min)

  -- Fold 4/5 (train=600,002, val=149,998) --
    10/41 targets done
    20/41 targets done
    30/41 targets done
    40/41 targets done
    41/41 targets done
  Fold 4 AUC=0.7835 (28.7 min)

  -- Fold 5/5 (train=599,850, val=150,150) --
    10/41 targets done
    20/41 targets done
    30/41 targets done
    40/41 targets done
    41/41 targets done
  Fold 5 AUC=0.7805 (27.4 min)

[3/4] Results:
  Per-fold AUC: ['0.7814', '0.7812', '0.7825', '0.7835', '0.7805']
  OOF Macro ROC-AUC: 0.7674
  Saved: checkpoints_catboost/cb_predictions.npz
  Saved: checkpoints_catboost/feature_importances.json
  Models: checkpoints_catboost/models/ (205 .cbm files)

[4/4] Saving submission...
  Format verified: 250,000 rows, 42 cols
  Saved: submissions/catboost.parquet

Done in 145.5 min. OOF=0.7674
    Completed in 145.6 min

==> LGBM meta [lgbm_meta]
    Command: /home/jovyan/.mlspace/envs/datafusion-gpu/bin/python 06_train_lgbm_meta.py
============================================================
Step 6: LGBM with cross-target meta-features (4 models)
============================================================
  LightGBM device_type: GPU

[1/4] Loading features...

  Loading OOF predictions from 4 models...
    NN: OOF (750000, 41), test (250000, 41)
    LGBM: OOF (750000, 41), test (250000, 41)
    PyBoost: OOF (750000, 41), test (250000, 41)
    CatBoost: OOF (750000, 41), test (250000, 41)
    Combined meta: (750000, 164)

  Features: 2260 base + 4x41 meta = 2424 total

[2/4] Training 5-Fold x 41 targets (with meta)...

  -- Fold 1/5 --
    10/41 targets done
    20/41 targets done
    30/41 targets done
    40/41 targets done
    41/41 targets done
