========================================================================
DataFusion Pipeline Orchestrator
========================================================================
Root: /home/jovyan/people/Glebov/datafusion/datafusion_opp_and_my_pipe
Python: /home/jovyan/.mlspace/envs/datafusion-gpu/bin/python
Mode: execute


==> Feature engineering [fe]
    Command: /home/jovyan/.mlspace/envs/datafusion-gpu/bin/python 01_feature_engineering.py
============================================================
Step 1: Feature Engineering
============================================================

[1/8] Loading raw data...
  Train: main (750000, 200), extra (750000, 2242)

[2/8] Null Pattern PCA...
  Null PCA: 2241 cols → 20 components, var explained: 0.907

[3/8] Filter + dedup extra features...
  Extra: 2241 total, 424 removed, 1817 kept
  Dedup: removed 8 → 1809 unique

[4/8] Prepare categoricals...
  Removed 6 duplicate cats

[5/8] Engineering features...
  + 15 null group indicators
  + 2 null count features
  + 61 frequency features
  + 5 interaction features
  + 18 diff features
  + 9 ratio features
  + 1 row_mean feature
  + 123 individual null indicators (|corr| > 0.05)
  + 4 row stats (main + extra std/skew)

[6/8] Joining features...
  Total: 2260 features (61 cat, 2199 num)

[7/8] Saving targets...

[8/8] Saving features...

Done in 9.4 min.
  Saved to features/
  Features: 2260
  Train: (750000, 2261), Test: (250000, 2261)
    Completed in 9.6 min

==> Neural network [nn]
    Command: /home/jovyan/.mlspace/envs/datafusion-gpu/bin/python 02_train_nn.py
============================================================
Step 2: Train NN (TabM + PLR + ASL + Mixup) on cuda
============================================================

[1/5] Loading features...
  Features: 61 cat, 2199 num

[2/5] DAE Pretraining (20 epochs)...
  DAE input: 1956 raw features
    DAE: 1,000,000 × 1956, bottleneck=256
      Epoch  1/20  loss=1.891717
      Epoch  5/20  loss=1.300682
      Epoch 10/20  loss=1.187855
      Epoch 15/20  loss=1.126763
      Epoch 20/20  loss=1.110762
  Extracting DAE embeddings...
  DAE embeddings: 256 dims
  Saved: checkpoints_nn/dae_{train,test}_emb.npy
  Total numerical features (with DAE): 2455

[3/5] Converting test to tensors...

[4/5] Training 5-Fold CV...

  ── Fold 1/5 ──
  Model: 2,308,479 parameters (k=16)
    Ep  1/50  loss=0.0185  val_auc=0.7845  lr=5.0e-04  33.6s *
    Ep  2/50  loss=0.0156  val_auc=0.8055  lr=5.0e-04  33.4s *
    Ep  3/50  loss=0.0153  val_auc=0.8203  lr=5.0e-04  33.9s *
    Ep  4/50  loss=0.0151  val_auc=0.8261  lr=5.0e-04  33.1s *
    Ep  5/50  loss=0.0149  val_auc=0.8279  lr=5.0e-04  32.8s *
    Ep  6/50  loss=0.0148  val_auc=0.8272  lr=5.0e-04  33.1s
    Ep  7/50  loss=0.0146  val_auc=0.8268  lr=5.0e-04  33.0s
    Ep  8/50  loss=0.0145  val_auc=0.8243  lr=5.0e-04  33.5s
    Ep  9/50  loss=0.0143  val_auc=0.8191  lr=2.5e-04  32.9s
    Ep 10/50  loss=0.0140  val_auc=0.8121  lr=2.5e-04  33.0s
    Ep 11/50  loss=0.0137  val_auc=0.8092  lr=2.5e-04  33.1s
    Ep 12/50  loss=0.0136  val_auc=0.8000  lr=2.5e-04  33.2s
    Ep 13/50  loss=0.0135  val_auc=0.7931  lr=1.3e-04  33.3s
    Ep 14/50  loss=0.0132  val_auc=0.7856  lr=1.3e-04  33.0s
    Ep 15/50  loss=0.0130  val_auc=0.7836  lr=1.3e-04  32.9s
    Early stop at epoch 15
  Fold 1 best=0.8279, SWA=0.8341
  Saved model: checkpoints_nn/tabm_fold0.pt

  ── Fold 2/5 ──
    Ep  1/50  loss=0.0185  val_auc=0.7776  lr=5.0e-04  33.7s *
    Ep  2/50  loss=0.0156  val_auc=0.8066  lr=5.0e-04  33.1s *
    Ep  3/50  loss=0.0153  val_auc=0.8217  lr=5.0e-04  33.3s *
    Ep  4/50  loss=0.0151  val_auc=0.8242  lr=5.0e-04  33.1s *
    Ep  5/50  loss=0.0149  val_auc=0.8260  lr=5.0e-04  32.8s *
    Ep  6/50  loss=0.0148  val_auc=0.8246  lr=5.0e-04  32.9s
    Ep  7/50  loss=0.0146  val_auc=0.8231  lr=5.0e-04  33.3s
    Ep  8/50  loss=0.0145  val_auc=0.8211  lr=5.0e-04  32.7s
    Ep  9/50  loss=0.0142  val_auc=0.8186  lr=2.5e-04  32.6s
    Ep 10/50  loss=0.0139  val_auc=0.8115  lr=2.5e-04  32.8s
    Ep 11/50  loss=0.0137  val_auc=0.8060  lr=2.5e-04  32.9s
    Ep 12/50  loss=0.0136  val_auc=0.7986  lr=2.5e-04  32.8s
    Ep 13/50  loss=0.0134  val_auc=0.7915  lr=1.3e-04  32.8s
    Ep 14/50  loss=0.0131  val_auc=0.7871  lr=1.3e-04  32.7s
    Ep 15/50  loss=0.0130  val_auc=0.7834  lr=1.3e-04  32.7s
    Early stop at epoch 15
  Fold 2 best=0.8260, SWA=0.8322
  Saved model: checkpoints_nn/tabm_fold1.pt

  ── Fold 3/5 ──
    Ep  1/50  loss=0.0183  val_auc=0.7812  lr=5.0e-04  32.8s *
    Ep  2/50  loss=0.0156  val_auc=0.8086  lr=5.0e-04  33.0s *
    Ep  3/50  loss=0.0153  val_auc=0.8207  lr=5.0e-04  32.9s *
    Ep  4/50  loss=0.0151  val_auc=0.8272  lr=5.0e-04  33.0s *
    Ep  5/50  loss=0.0148  val_auc=0.8294  lr=5.0e-04  32.9s *
    Ep  6/50  loss=0.0147  val_auc=0.8281  lr=5.0e-04  32.9s
    Ep  7/50  loss=0.0146  val_auc=0.8276  lr=5.0e-04  32.8s
    Ep  8/50  loss=0.0145  val_auc=0.8229  lr=5.0e-04  33.4s
    Ep  9/50  loss=0.0143  val_auc=0.8161  lr=2.5e-04  33.0s
    Ep 10/50  loss=0.0139  val_auc=0.8074  lr=2.5e-04  32.9s
    Ep 11/50  loss=0.0138  val_auc=0.8016  lr=2.5e-04  32.8s
    Ep 12/50  loss=0.0135  val_auc=0.7977  lr=2.5e-04  33.0s
    Ep 13/50  loss=0.0135  val_auc=0.7841  lr=1.3e-04  33.0s
    Ep 14/50  loss=0.0131  val_auc=0.7827  lr=1.3e-04  32.7s
    Ep 15/50  loss=0.0130  val_auc=0.7800  lr=1.3e-04  32.8s
    Early stop at epoch 15
  Fold 3 best=0.8294, SWA=0.8348
  Saved model: checkpoints_nn/tabm_fold2.pt

  ── Fold 4/5 ──
    Ep  1/50  loss=0.0189  val_auc=0.7834  lr=5.0e-04  32.5s *
    Ep  2/50  loss=0.0156  val_auc=0.8138  lr=5.0e-04  33.0s *
    Ep  3/50  loss=0.0153  val_auc=0.8248  lr=5.0e-04  32.6s *
    Ep  4/50  loss=0.0151  val_auc=0.8294  lr=5.0e-04  33.0s *
    Ep  5/50  loss=0.0149  val_auc=0.8300  lr=5.0e-04  32.6s *
    Ep  6/50  loss=0.0148  val_auc=0.8303  lr=5.0e-04  32.8s *
    Ep  7/50  loss=0.0146  val_auc=0.8281  lr=5.0e-04  32.8s
    Ep  8/50  loss=0.0145  val_auc=0.8258  lr=5.0e-04  32.8s
    Ep  9/50  loss=0.0143  val_auc=0.8218  lr=5.0e-04  32.8s
    Ep 10/50  loss=0.0141  val_auc=0.8160  lr=2.5e-04  32.9s
    Ep 11/50  loss=0.0138  val_auc=0.8104  lr=2.5e-04  32.8s
    Ep 12/50  loss=0.0136  val_auc=0.8031  lr=2.5e-04  32.7s
    Ep 13/50  loss=0.0134  val_auc=0.7959  lr=2.5e-04  32.8s
    Ep 14/50  loss=0.0132  val_auc=0.7913  lr=1.3e-04  32.7s
    Ep 15/50  loss=0.0130  val_auc=0.7823  lr=1.3e-04  32.8s
    Ep 16/50  loss=0.0129  val_auc=0.7836  lr=1.3e-04  32.7s
    Early stop at epoch 16
  Fold 4 best=0.8303, SWA=0.8362
  Saved model: checkpoints_nn/tabm_fold3.pt

  ── Fold 5/5 ──
    Ep  1/50  loss=0.0188  val_auc=0.7721  lr=5.0e-04  33.1s *
    Ep  2/50  loss=0.0156  val_auc=0.8109  lr=5.0e-04  33.1s *
    Ep  3/50  loss=0.0153  val_auc=0.8215  lr=5.0e-04  32.9s *
    Ep  4/50  loss=0.0151  val_auc=0.8255  lr=5.0e-04  32.9s *
    Ep  5/50  loss=0.0150  val_auc=0.8248  lr=5.0e-04  32.5s
    Ep  6/50  loss=0.0148  val_auc=0.8283  lr=5.0e-04  33.0s *
    Ep  7/50  loss=0.0146  val_auc=0.8266  lr=5.0e-04  32.9s
    Ep  8/50  loss=0.0145  val_auc=0.8217  lr=5.0e-04  33.0s
    Ep  9/50  loss=0.0143  val_auc=0.8183  lr=5.0e-04  32.8s
    Ep 10/50  loss=0.0142  val_auc=0.8115  lr=2.5e-04  32.9s
    Ep 11/50  loss=0.0137  val_auc=0.7995  lr=2.5e-04  33.0s
    Ep 12/50  loss=0.0136  val_auc=0.7982  lr=2.5e-04  32.9s
    Ep 13/50  loss=0.0134  val_auc=0.7915  lr=2.5e-04  32.6s
    Ep 14/50  loss=0.0132  val_auc=0.7820  lr=1.3e-04  32.8s
    Ep 15/50  loss=0.0130  val_auc=0.7780  lr=1.3e-04  32.9s
    Ep 16/50  loss=0.0129  val_auc=0.7756  lr=1.3e-04  32.6s
    Early stop at epoch 16
  Fold 5 best=0.8283, SWA=0.8330
  Saved model: checkpoints_nn/tabm_fold4.pt

[5/5] Evaluation...
  Per-fold AUC: ['0.8341', '0.8322', '0.8348', '0.8362', '0.8330']
  OOF Macro ROC-AUC: 0.8333
  Format verified: 250,000 rows, 42 cols
  Saved: submissions/nn.parquet

Done in 81.3 min. OOF=0.8333
    Completed in 81.5 min

==> LightGBM [lgbm]
    Command: /home/jovyan/.mlspace/envs/datafusion-gpu/bin/python 03_train_lgbm.py
============================================================
Step 3: Train LightGBM (5-fold × 41 targets)
============================================================
  LightGBM device_type: GPU

[1/4] Loading features...
  X_train: (750000, 2260), X_test: (250000, 2260)
  Features: 61 cat, 2199 num

[2/4] Training 5-Fold × 41 targets...

  ── Fold 1/5 (train=600,154, val=149,846) ──
    10/41 targets done
    20/41 targets done
    30/41 targets done
    40/41 targets done
    41/41 targets done
  Fold 1 AUC=0.8336 (115.2 min)

  ── Fold 2/5 (train=599,922, val=150,078) ──
    10/41 targets done
    20/41 targets done
    30/41 targets done
    40/41 targets done
    41/41 targets done
  Fold 2 AUC=0.8331 (116.5 min)

  ── Fold 3/5 (train=600,072, val=149,928) ──
    10/41 targets done
    20/41 targets done
    30/41 targets done
    40/41 targets done
    41/41 targets done
  Fold 3 AUC=0.8350 (119.1 min)

  ── Fold 4/5 (train=600,002, val=149,998) ──
    10/41 targets done
    20/41 targets done
    30/41 targets done
    40/41 targets done
    41/41 targets done
  Fold 4 AUC=0.8361 (117.7 min)

  ── Fold 5/5 (train=599,850, val=150,150) ──
    10/41 targets done
    20/41 targets done
    30/41 targets done
    40/41 targets done
    41/41 targets done
  Fold 5 AUC=0.8348 (121.5 min)

[3/4] Results:
  Per-fold AUC: ['0.8336', '0.8331', '0.8350', '0.8361', '0.8348']
  OOF Macro ROC-AUC: 0.8335
  Saved: checkpoints_lgbm/lgbm_predictions.npz
  Saved: checkpoints_lgbm/feature_importances.json
  Models: checkpoints_lgbm/models/ (205 .lgb files)

[4/4] Saving submission...
  Format verified: 250,000 rows, 42 cols
  Saved: submissions/lgbm.parquet

Done in 590.6 min. OOF=0.8335
    Completed in 590.7 min

==> PyBoost [pyboost]
    Command: /home/jovyan/.mlspace/envs/datafusion-gpu/bin/python 04_train_pyboost.py
============================================================
Step 4: Train PyBoost (SketchBoost)
============================================================

[1/4] Loading features...
  X_train: (750000, 2260), X_test: (250000, 2260)
  Features: 61 cat, 2199 num

[2/4] Training SketchBoost 5-fold...

  ── Fold 1/5 (train=600,154, val=149,846) ──
[07:24:40] Stdout logging level is INFO.
[07:24:40] GDBT train starts. Max iter 5000, early stopping rounds 200
[07:24:51] Iter 0; Sample 0, BCE = 0.10433309597438326; 
[07:25:10] Iter 100; Sample 0, BCE = 0.08641746796614595; 
[07:25:30] Iter 200; Sample 0, BCE = 0.08460970370652846; 
[07:25:50] Iter 300; Sample 0, BCE = 0.08377939095017387; 
[07:26:09] Iter 400; Sample 0, BCE = 0.08327411050709958; 
[07:26:29] Iter 500; Sample 0, BCE = 0.08295139111807301; 
[07:26:49] Iter 600; Sample 0, BCE = 0.08272138707404687; 
[07:27:09] Iter 700; Sample 0, BCE = 0.08253438174355561; 
[07:27:29] Iter 800; Sample 0, BCE = 0.08240592983248636; 
[07:27:49] Iter 900; Sample 0, BCE = 0.08229642619431075; 
[07:28:09] Iter 1000; Sample 0, BCE = 0.0822091907477868; 
[07:28:29] Iter 1100; Sample 0, BCE = 0.08213845014502569; 
[07:28:49] Iter 1200; Sample 0, BCE = 0.0820848206509598; 
[07:29:09] Iter 1300; Sample 0, BCE = 0.08203024435319849; 
[07:29:29] Iter 1400; Sample 0, BCE = 0.08198066163352237; 
[07:29:49] Iter 1500; Sample 0, BCE = 0.08194062413522642; 
[07:30:09] Iter 1600; Sample 0, BCE = 0.08190575108369308; 
[07:30:29] Iter 1700; Sample 0, BCE = 0.08187441898731608; 
[07:30:50] Iter 1800; Sample 0, BCE = 0.0818488619456885; 
[07:31:10] Iter 1900; Sample 0, BCE = 0.08182160402306105; 
[07:31:30] Iter 2000; Sample 0, BCE = 0.081798762797239; 
[07:31:50] Iter 2100; Sample 0, BCE = 0.08178297435029905; 
[07:32:10] Iter 2200; Sample 0, BCE = 0.08176146350488049; 
[07:32:30] Iter 2300; Sample 0, BCE = 0.08174260285994468; 
[07:32:51] Iter 2400; Sample 0, BCE = 0.08172585241349252; 
[07:33:11] Iter 2500; Sample 0, BCE = 0.08171239448226073; 
[07:33:31] Iter 2600; Sample 0, BCE = 0.08169775982653829; 
[07:33:51] Iter 2700; Sample 0, BCE = 0.08168225523375114; 
[07:34:11] Iter 2800; Sample 0, BCE = 0.08167450041540335; 
[07:34:31] Iter 2900; Sample 0, BCE = 0.08166271238044097; 
[07:34:51] Iter 3000; Sample 0, BCE = 0.08165444322795454; 
[07:35:11] Iter 3100; Sample 0, BCE = 0.08164092299834996; 
[07:35:32] Iter 3200; Sample 0, BCE = 0.08163259889307457; 
[07:35:52] Iter 3300; Sample 0, BCE = 0.08162911839855552; 
[07:36:12] Iter 3400; Sample 0, BCE = 0.08162672692827048; 
[07:36:32] Iter 3500; Sample 0, BCE = 0.08162364842736433; 
[07:36:52] Iter 3600; Sample 0, BCE = 0.08162083658755083; 
[07:37:12] Iter 3700; Sample 0, BCE = 0.0816225888008675; 
[07:37:32] Iter 3800; Sample 0, BCE = 0.08161909781074599; 
[07:37:53] Iter 3900; Sample 0, BCE = 0.08161756957745223; 
[07:38:13] Iter 4000; Sample 0, BCE = 0.08161680475268816; 
[07:38:33] Iter 4100; Sample 0, BCE = 0.08161357937269587; 
[07:38:53] Iter 4200; Sample 0, BCE = 0.08161980295800272; 
[07:39:13] Iter 4300; Sample 0, BCE = 0.08162019611574425; 
[07:39:19] Early stopping at iter 4329, best iter 4129, best_score 0.08161216382381133
  Fold 1 AUC=0.8376 (16.0 min)

  ── Fold 2/5 (train=599,922, val=150,078) ──
[07:40:30] Stdout logging level is INFO.
[07:40:30] GDBT train starts. Max iter 5000, early stopping rounds 200
[07:40:30] Iter 0; Sample 0, BCE = 0.10364783921863649; 
[07:40:49] Iter 100; Sample 0, BCE = 0.08632050199458915; 
[07:41:08] Iter 200; Sample 0, BCE = 0.08449212825058362; 
[07:41:28] Iter 300; Sample 0, BCE = 0.08362786429814882; 
[07:41:48] Iter 400; Sample 0, BCE = 0.08313871958470322; 
[07:42:08] Iter 500; Sample 0, BCE = 0.08281310700224015; 
[07:42:27] Iter 600; Sample 0, BCE = 0.08257455917051365; 
[07:42:47] Iter 700; Sample 0, BCE = 0.08240197526561803; 
[07:43:07] Iter 800; Sample 0, BCE = 0.08226881248243714; 
[07:43:28] Iter 900; Sample 0, BCE = 0.0821641804977811; 
[07:43:48] Iter 1000; Sample 0, BCE = 0.08207818027122485; 
[07:44:08] Iter 1100; Sample 0, BCE = 0.08201098018420787; 
[07:44:28] Iter 1200; Sample 0, BCE = 0.08194503070823553; 
[07:44:48] Iter 1300; Sample 0, BCE = 0.08188988353041714; 
[07:45:08] Iter 1400; Sample 0, BCE = 0.08185001476017321; 
[07:45:28] Iter 1500; Sample 0, BCE = 0.0818128939804172; 
[07:45:48] Iter 1600; Sample 0, BCE = 0.08178496070708538; 
[07:46:08] Iter 1700; Sample 0, BCE = 0.08175535559287499; 
[07:46:28] Iter 1800; Sample 0, BCE = 0.08172527676974205; 
[07:46:48] Iter 1900; Sample 0, BCE = 0.08169953218209047; 
[07:47:09] Iter 2000; Sample 0, BCE = 0.08167174372980125; 
[07:47:29] Iter 2100; Sample 0, BCE = 0.08164876658067909; 
[07:47:49] Iter 2200; Sample 0, BCE = 0.0816362059940031; 
[07:48:09] Iter 2300; Sample 0, BCE = 0.08162052323468176; 
[07:48:29] Iter 2400; Sample 0, BCE = 0.08161183095346403; 
[07:48:49] Iter 2500; Sample 0, BCE = 0.0815950480572279; 
[07:49:09] Iter 2600; Sample 0, BCE = 0.08158799823043636; 
[07:49:29] Iter 2700; Sample 0, BCE = 0.08158339544456707; 
[07:49:49] Iter 2800; Sample 0, BCE = 0.08157478527701405; 
[07:50:10] Iter 2900; Sample 0, BCE = 0.08156815334692356; 
[07:50:30] Iter 3000; Sample 0, BCE = 0.08155567257207709; 
[07:50:50] Iter 3100; Sample 0, BCE = 0.08155374292746718; 
[07:51:10] Iter 3200; Sample 0, BCE = 0.08154488964934122; 
[07:51:30] Iter 3300; Sample 0, BCE = 0.08154160775713541; 
[07:51:50] Iter 3400; Sample 0, BCE = 0.08153316629796879; 
[07:52:10] Iter 3500; Sample 0, BCE = 0.08152962828557483; 
[07:52:31] Iter 3600; Sample 0, BCE = 0.08153041841564641; 
[07:52:51] Iter 3700; Sample 0, BCE = 0.08152933928588833; 
[07:53:11] Iter 3800; Sample 0, BCE = 0.0815293260735052; 
[07:53:31] Iter 3900; Sample 0, BCE = 0.08152611789172588; 
[07:53:51] Iter 4000; Sample 0, BCE = 0.08152994008630397; 
[07:54:09] Early stopping at iter 4089, best iter 3889, best_score 0.08152579467241823
  Fold 2 AUC=0.8373 (14.8 min)

  ── Fold 3/5 (train=600,072, val=149,928) ──
[07:55:21] Stdout logging level is INFO.
[07:55:21] GDBT train starts. Max iter 5000, early stopping rounds 200
[07:55:21] Iter 0; Sample 0, BCE = 0.10375968562376064; 
[07:55:40] Iter 100; Sample 0, BCE = 0.08630510018069555; 
[07:55:59] Iter 200; Sample 0, BCE = 0.08447225392331723; 
[07:56:19] Iter 300; Sample 0, BCE = 0.0836869896715202; 
[07:56:39] Iter 400; Sample 0, BCE = 0.08321317081981126; 
[07:56:58] Iter 500; Sample 0, BCE = 0.08289618677802846; 
[07:57:18] Iter 600; Sample 0, BCE = 0.08265520385221575; 
[07:57:38] Iter 700; Sample 0, BCE = 0.08248468015791578; 
[07:57:58] Iter 800; Sample 0, BCE = 0.08234735697627223; 
[07:58:18] Iter 900; Sample 0, BCE = 0.08223366544255788; 
[07:58:38] Iter 1000; Sample 0, BCE = 0.08213823727323262; 
[07:58:58] Iter 1100; Sample 0, BCE = 0.08206560396231764; 
[07:59:18] Iter 1200; Sample 0, BCE = 0.08199667699881054; 
[07:59:38] Iter 1300; Sample 0, BCE = 0.08194348406621889; 
[07:59:58] Iter 1400; Sample 0, BCE = 0.08190300241790663; 
[08:00:18] Iter 1500; Sample 0, BCE = 0.08186966666803297; 
[08:00:38] Iter 1600; Sample 0, BCE = 0.08184106437451433; 
[08:00:58] Iter 1700; Sample 0, BCE = 0.08181166740964742; 
[08:01:18] Iter 1800; Sample 0, BCE = 0.08177983186810638; 
[08:01:38] Iter 1900; Sample 0, BCE = 0.08175348462876852; 
[08:01:58] Iter 2000; Sample 0, BCE = 0.08172932233136256; 
[08:02:18] Iter 2100; Sample 0, BCE = 0.08171413483616158; 
[08:02:38] Iter 2200; Sample 0, BCE = 0.08169609816989164; 
[08:02:58] Iter 2300; Sample 0, BCE = 0.081677957106859; 
[08:03:19] Iter 2400; Sample 0, BCE = 0.0816673672501392; 
[08:03:39] Iter 2500; Sample 0, BCE = 0.0816524286875577; 
[08:03:59] Iter 2600; Sample 0, BCE = 0.08164039766623646; 
[08:04:19] Iter 2700; Sample 0, BCE = 0.08162996730720298; 
[08:04:39] Iter 2800; Sample 0, BCE = 0.0816209389156006; 
[08:04:59] Iter 2900; Sample 0, BCE = 0.08161055445042355; 
[08:05:19] Iter 3000; Sample 0, BCE = 0.08160606603260567; 
[08:05:40] Iter 3100; Sample 0, BCE = 0.08160182713519641; 
[08:06:00] Iter 3200; Sample 0, BCE = 0.08159546975428839; 
[08:06:20] Iter 3300; Sample 0, BCE = 0.08159030327652535; 
[08:06:40] Iter 3400; Sample 0, BCE = 0.08158576130229059; 
[08:07:00] Iter 3500; Sample 0, BCE = 0.08157943571249188; 
[08:07:20] Iter 3600; Sample 0, BCE = 0.08157446662236428; 
[08:07:40] Iter 3700; Sample 0, BCE = 0.08156898802402832; 
[08:08:00] Iter 3800; Sample 0, BCE = 0.08156556848024779; 
[08:08:20] Iter 3900; Sample 0, BCE = 0.0815641600453264; 
[08:08:40] Iter 4000; Sample 0, BCE = 0.08156529004709832; 
[08:09:00] Iter 4100; Sample 0, BCE = 0.08156755148459927; 
[08:09:03] Early stopping at iter 4116, best iter 3916, best_score 0.08156366039867205
  Fold 3 AUC=0.8375 (14.9 min)

  ── Fold 4/5 (train=600,002, val=149,998) ──
[08:10:12] Stdout logging level is INFO.
[08:10:12] GDBT train starts. Max iter 5000, early stopping rounds 200
[08:10:13] Iter 0; Sample 0, BCE = 0.10392817928932449; 
[08:10:32] Iter 100; Sample 0, BCE = 0.08630069309043398; 
[08:10:51] Iter 200; Sample 0, BCE = 0.08437312409077236; 
[08:11:11] Iter 300; Sample 0, BCE = 0.08356279766317529; 
[08:11:30] Iter 400; Sample 0, BCE = 0.083084709148254; 
[08:11:50] Iter 500; Sample 0, BCE = 0.08275724467582074; 
[08:12:10] Iter 600; Sample 0, BCE = 0.08249542869905534; 
[08:12:30] Iter 700; Sample 0, BCE = 0.08231924117479683; 
[08:12:50] Iter 800; Sample 0, BCE = 0.08218844837526308; 
[08:13:10] Iter 900; Sample 0, BCE = 0.0820835933677857; 
[08:13:30] Iter 1000; Sample 0, BCE = 0.0820016344498733; 
[08:13:50] Iter 1100; Sample 0, BCE = 0.08192836863750802; 
[08:14:10] Iter 1200; Sample 0, BCE = 0.08186016277099262; 
[08:14:30] Iter 1300; Sample 0, BCE = 0.08178872925211993; 
[08:14:50] Iter 1400; Sample 0, BCE = 0.08174349001256069; 
[08:15:10] Iter 1500; Sample 0, BCE = 0.08170536420643605; 
[08:15:30] Iter 1600; Sample 0, BCE = 0.08167498880179065; 
[08:15:51] Iter 1700; Sample 0, BCE = 0.08164298872824263; 
[08:16:11] Iter 1800; Sample 0, BCE = 0.08161068664950369; 
[08:16:31] Iter 1900; Sample 0, BCE = 0.08159055645222094; 
[08:16:51] Iter 2000; Sample 0, BCE = 0.08156755397137347; 
[08:17:11] Iter 2100; Sample 0, BCE = 0.0815476848388403; 
[08:17:31] Iter 2200; Sample 0, BCE = 0.08153254501326278; 
[08:17:51] Iter 2300; Sample 0, BCE = 0.08151959330880132; 
[08:18:11] Iter 2400; Sample 0, BCE = 0.08150177142858907; 
[08:18:31] Iter 2500; Sample 0, BCE = 0.0814863461816224; 
[08:18:52] Iter 2600; Sample 0, BCE = 0.081474149616581; 
[08:19:12] Iter 2700; Sample 0, BCE = 0.08145925372324823; 
[08:19:32] Iter 2800; Sample 0, BCE = 0.08145073618348929; 
[08:19:52] Iter 2900; Sample 0, BCE = 0.0814421478877637; 
[08:20:12] Iter 3000; Sample 0, BCE = 0.08143322466530148; 
[08:20:32] Iter 3100; Sample 0, BCE = 0.0814180164516395; 
[08:20:52] Iter 3200; Sample 0, BCE = 0.08141576272846612; 
[08:21:12] Iter 3300; Sample 0, BCE = 0.081410433300154; 
[08:21:33] Iter 3400; Sample 0, BCE = 0.08140951957394693; 
[08:21:53] Iter 3500; Sample 0, BCE = 0.0814055452772779; 
[08:22:13] Iter 3600; Sample 0, BCE = 0.08140095727663951; 
[08:22:33] Iter 3700; Sample 0, BCE = 0.0813953226132991; 
[08:22:53] Iter 3800; Sample 0, BCE = 0.08138977437753497; 
[08:23:13] Iter 3900; Sample 0, BCE = 0.08138870599076371; 
[08:23:34] Iter 4000; Sample 0, BCE = 0.08139127485976987; 
[08:23:52] Early stopping at iter 4093, best iter 3893, best_score 0.08138835940602085
  Fold 4 AUC=0.8393 (14.8 min)

  ── Fold 5/5 (train=599,850, val=150,150) ──
[08:25:03] Stdout logging level is INFO.
[08:25:03] GDBT train starts. Max iter 5000, early stopping rounds 200
[08:25:03] Iter 0; Sample 0, BCE = 0.10351486219553481; 
[08:25:22] Iter 100; Sample 0, BCE = 0.08628463866395843; 
[08:25:42] Iter 200; Sample 0, BCE = 0.0844379285374464; 
[08:26:01] Iter 300; Sample 0, BCE = 0.0835825483804632; 
[08:26:21] Iter 400; Sample 0, BCE = 0.0830905755657015; 
[08:26:41] Iter 500; Sample 0, BCE = 0.08275992947130034; 
[08:27:01] Iter 600; Sample 0, BCE = 0.0825380387186817; 
[08:27:21] Iter 700; Sample 0, BCE = 0.08235353573313693; 
[08:27:41] Iter 800; Sample 0, BCE = 0.08222659047293228; 
[08:28:01] Iter 900; Sample 0, BCE = 0.08212511791305269; 
[08:28:21] Iter 1000; Sample 0, BCE = 0.08203240054288448; 
[08:28:41] Iter 1100; Sample 0, BCE = 0.08196300438320946; 
[08:29:01] Iter 1200; Sample 0, BCE = 0.08190120700660689; 
[08:29:21] Iter 1300; Sample 0, BCE = 0.08184108093690366; 
[08:29:41] Iter 1400; Sample 0, BCE = 0.08179519283431848; 
[08:30:01] Iter 1500; Sample 0, BCE = 0.08175189771125503; 
[08:30:21] Iter 1600; Sample 0, BCE = 0.08171947800831679; 
[08:30:41] Iter 1700; Sample 0, BCE = 0.08168776882781525; 
[08:31:01] Iter 1800; Sample 0, BCE = 0.08165917422298685; 
[08:31:21] Iter 1900; Sample 0, BCE = 0.08163054907259913; 
[08:31:41] Iter 2000; Sample 0, BCE = 0.08161322260207951; 
[08:32:01] Iter 2100; Sample 0, BCE = 0.08159472359251076; 
[08:32:21] Iter 2200; Sample 0, BCE = 0.08157505870095284; 
[08:32:41] Iter 2300; Sample 0, BCE = 0.08156410959936171; 
[08:33:01] Iter 2400; Sample 0, BCE = 0.08154728220310656; 
[08:33:21] Iter 2500; Sample 0, BCE = 0.08152973512309093; 
[08:33:41] Iter 2600; Sample 0, BCE = 0.08151762730969786; 
[08:34:01] Iter 2700; Sample 0, BCE = 0.08150556222633668; 
[08:34:22] Iter 2800; Sample 0, BCE = 0.08149227423233103; 
[08:34:42] Iter 2900; Sample 0, BCE = 0.08148389575928783; 
[08:35:02] Iter 3000; Sample 0, BCE = 0.0814748699338915; 
[08:35:22] Iter 3100; Sample 0, BCE = 0.08146852104019975; 
[08:35:42] Iter 3200; Sample 0, BCE = 0.08146187625000453; 
[08:36:02] Iter 3300; Sample 0, BCE = 0.08145650014842583; 
[08:36:22] Iter 3400; Sample 0, BCE = 0.0814515658008858; 
[08:36:42] Iter 3500; Sample 0, BCE = 0.08144723065153534; 
[08:37:02] Iter 3600; Sample 0, BCE = 0.08144275037614221; 
[08:37:22] Iter 3700; Sample 0, BCE = 0.08143805765944553; 
[08:37:42] Iter 3800; Sample 0, BCE = 0.08143696566283169; 
[08:38:02] Iter 3900; Sample 0, BCE = 0.08143495063257872; 
[08:38:22] Iter 4000; Sample 0, BCE = 0.08143325602964104; 
[08:38:42] Iter 4100; Sample 0, BCE = 0.0814348299349676; 
[08:38:56] Early stopping at iter 4170, best iter 3970, best_score 0.08143190074410075
  Fold 5 AUC=0.8374 (15.1 min)

[3/4] Results:
  Per-fold AUC: ['0.8376', '0.8373', '0.8375', '0.8393', '0.8374']
  OOF Macro ROC-AUC: 0.8378
  Saved: checkpoints_pyboost/pyboost_predictions.npz

[4/4] Saving submission...
  Format verified: 250,000 rows, 42 cols
  Saved: submissions/pyboost.parquet

Done in 77.2 min. OOF=0.8378
    Completed in 77.3 min

==> CatBoost [catboost]
    Command: /home/jovyan/.mlspace/envs/datafusion-gpu/bin/python 05_train_catboost.py
============================================================
Step 5: Train CatBoost (5-fold x 41 targets)
============================================================
  CatBoost task_type: GPU

[1/4] Loading features...
  X_train: (750000, 2260), X_test: (250000, 2260)
  Features: 61 cat, 2199 num

[2/4] Training 5-Fold x 41 targets...

  -- Fold 1/5 (train=600,154, val=149,846) --
