========================================================================
DataFusion Pipeline Orchestrator
========================================================================
Root: /home/jovyan/people/Glebov/datafusion/datafusion_opp_and_my_pipe
Python: /home/jovyan/.mlspace/envs/datafusion-gpu/bin/python
Mode: execute

==> Feature engineering [fe]
    Skipped: outputs already exist
==> Neural network [nn]
    Skipped: outputs already exist
==> LightGBM [lgbm]
    Skipped: outputs already exist
==> PyBoost [pyboost]
    Skipped: outputs already exist
==> CatBoost [catboost]
    Skipped: outputs already exist

==> LGBM meta [lgbm_meta]
    Command: /home/jovyan/.mlspace/envs/datafusion-gpu/bin/python 06_train_lgbm_meta.py
============================================================
Step 6: LGBM with cross-target meta-features (4 models)
============================================================
  LightGBM device_type: GPU

[1/4] Loading features...

  Loading OOF predictions from 4 models...
    NN: OOF (750000, 41), test (250000, 41)
    LGBM: OOF (750000, 41), test (250000, 41)
    PyBoost: OOF (750000, 41), test (250000, 41)
    CatBoost: OOF (750000, 41), test (250000, 41)
    Combined meta: (750000, 164)

  Features: 2260 base + 4x41 meta = 2424 total

[2/4] Training 5-Fold x 41 targets (with meta)...

  -- Fold 1/5 --
    10/41 targets done
    20/41 targets done
    30/41 targets done
    40/41 targets done
    41/41 targets done
  Fold 1 AUC=0.8430 (96.4 min)

  -- Fold 2/5 --
    10/41 targets done
    20/41 targets done
    30/41 targets done
    40/41 targets done
    41/41 targets done
  Fold 2 AUC=0.8423 (97.7 min)

  -- Fold 3/5 --
    10/41 targets done
    20/41 targets done
    30/41 targets done
    40/41 targets done
    41/41 targets done
  Fold 3 AUC=0.8437 (95.1 min)

  -- Fold 4/5 --
    10/41 targets done
    20/41 targets done
    30/41 targets done
    40/41 targets done
    41/41 targets done
  Fold 4 AUC=0.8449 (95.1 min)

  -- Fold 5/5 --
    10/41 targets done
    20/41 targets done
    30/41 targets done
    40/41 targets done
    41/41 targets done
  Fold 5 AUC=0.8442 (96.7 min)

[3/4] Results:
  Per-fold AUC: ['0.8430', '0.8423', '0.8437', '0.8449', '0.8442']
  OOF Macro ROC-AUC: 0.8430
  Saved: checkpoints_lgbm_meta/lgbm_predictions.npz
  Saved: checkpoints_lgbm_meta/feature_importances.json
  Models: checkpoints_lgbm_meta/models/ (205 .lgb files)

[4/4] Saving submission...
  Format verified: 250,000 rows, 42 cols
  Saved: submissions/lgbm_meta.parquet

Done in 481.9 min. OOF=0.8430
    Completed in 482.0 min

==> Blend [blend]
    Command: /home/jovyan/.mlspace/envs/datafusion-gpu/bin/python 07_blend.py
============================================================
Step 7: Rank per-target blend (NN + LGBM + PyBoost + CatBoost + LGBM_meta)
============================================================

[1/3] Loading predictions...
  NN: OOF 0.83333
  LGBM: OOF 0.83353
  PyBoost: OOF 0.83776
  CatBoost: OOF 0.76736
  LGBM_meta: OOF 0.84297

[2/3] Optimizing per-target weights (5 models, step=0.10)...
  Blend OOF: 0.84792
    NN: 0.20
    LGBM: 0.15
    PyBoost: 0.29
    CatBoost: 0.00
    LGBM_meta: 0.36

[3/3] Saving...
  Format verified: 250,000 rows, 42 cols
  Saved: submissions/blend.parquet

Done in 10748.6s. Blend OOF=0.84792
    Completed in 179.2 min

==> Stacking [stacking]
    Command: /home/jovyan/.mlspace/envs/datafusion-gpu/bin/python 08_stacking.py
============================================================
Step 8: Stacking (Ridge + LGBM meta + combo, 5 models)
============================================================
  LightGBM device_type: GPU

[1/5] Loading predictions...
  NN: 0.8333
  LGBM: 0.8335
  PyBoost: 0.8378
  CatBoost: 0.7674
  LGBM_meta: 0.8430

  Computing rank blend baseline (5 models)...
  Rank blend baseline: 0.8479

[2/5] Building meta-features...
  Meta-features: 1025

[3/5] Ridge stacking...
    Ridge: 10/41 targets (1434.8s)
    Ridge: 20/41 targets (2855.5s)
    Ridge: 30/41 targets (4275.6s)
    Ridge: 40/41 targets (5693.8s)
    Ridge: 41/41 targets (5837.3s)
  Ridge OOF: 0.8364 (vs baseline: -0.0115)

[4/5] LGBM meta stacking...
    LGBM meta: 10/41 targets (1014.7s)
    LGBM meta: 20/41 targets (2013.2s)
    LGBM meta: 30/41 targets (3037.0s)
    LGBM meta: 40/41 targets (4087.1s)
    LGBM meta: 41/41 targets (4193.1s)
  LGBM meta OOF: 0.8446 (vs baseline: -0.0033)

[5/5] Optimizing combo...
  Combo: LGBM meta 20% + blend 80%, OOF 0.8481

============================================================
  Combo                0.8481 <<<
  Rank blend           0.8479
  LGBM meta            0.8446
  Ridge meta           0.8364
  Format verified: 250,000 rows, 42 cols

  Saved: submissions/stacking.parquet
  Best: Combo (OOF 0.8481)

Done in 20950.7s.
    Completed in 349.2 min

Pipeline finished in 1010.5 min
